=== ASan (rc=1, behavior=OTHER:1) ===
--- stdout ---
[asan] Compiling bufferized MLIR -> LLVM dialect ...
[cmd] /home/origin/torch-mlir/build/bin/mlir-opt /home/origin/MSET/linear_ooba_heap_heap_non_object_underflow_direct_write_1_output/linear_ooba_heap_heap_non_object_underflow_direct_write_1_dl.mlir --pass-pipeline=builtin.module(func.func(asan-access-instrument),func.func(asan-lifecycle-instrument),func.func(convert-linalg-to-loops),func.func(lower-affine),canonicalize,convert-asan-to-llvm,convert-scf-to-cf,func.func(arith-expand),func.func(convert-math-to-llvm),convert-math-to-libm,expand-strided-metadata,finalize-memref-to-llvm,convert-bufferization-to-memref,finalize-memref-to-llvm,convert-vector-to-scf,convert-vector-to-llvm,func.func(convert-arith-to-llvm),convert-func-to-llvm,convert-cf-to-llvm,convert-complex-to-llvm,convert-asan-globals-to-llvm,reconcile-unrealized-casts,canonicalize,cse) -o /home/origin/MSET/linear_ooba_heap_heap_non_object_underflow_direct_write_1_output/linear_ooba_heap_heap_non_object_underflow_direct_write_1_llvm.mlir
[asan] MLIR lowering done in 0.0366 s
[asan] Translating LLVM dialect -> LLVM IR ...
[cmd] /home/origin/torch-mlir/build/bin/mlir-translate /home/origin/MSET/linear_ooba_heap_heap_non_object_underflow_direct_write_1_output/linear_ooba_heap_heap_non_object_underflow_direct_write_1_llvm.mlir --mlir-to-llvmir -o /home/origin/MSET/linear_ooba_heap_heap_non_object_underflow_direct_write_1_output/linear_ooba_heap_heap_non_object_underflow_direct_write_1.ll
[asan] Compiling LLVM IR -> object file ...
[cmd] /home/origin/torch-mlir/build/bin/llc /home/origin/MSET/linear_ooba_heap_heap_non_object_underflow_direct_write_1_output/linear_ooba_heap_heap_non_object_underflow_direct_write_1.ll -o /home/origin/MSET/linear_ooba_heap_heap_non_object_underflow_direct_write_1_output/linear_ooba_heap_heap_non_object_underflow_direct_write_1.o --relocation-model=pic --filetype=obj
[asan] Linking executable: /home/origin/MSET/linear_ooba_heap_heap_non_object_underflow_direct_write_1_output/linear_ooba_heap_heap_non_object_underflow_direct_write_1
[cmd] clang /home/origin/MSET/linear_ooba_heap_heap_non_object_underflow_direct_write_1_output/linear_ooba_heap_heap_non_object_underflow_direct_write_1.o -o /home/origin/MSET/linear_ooba_heap_heap_non_object_underflow_direct_write_1_output/linear_ooba_heap_heap_non_object_underflow_direct_write_1 -L/home/origin/torch-mlir/build/lib -l mlir_c_runner_utils -l mlir_runner_utils -Wl,-rpath,/home/origin/torch-mlir/build/lib -Wl,-rpath,/home/origin/torch-mlir/build/lib -L/usr/lib/llvm-22/lib/clang/22/lib/linux -l:libclang_rt.asan-x86_64.so
[asan] Executing /home/origin/MSET/linear_ooba_heap_heap_non_object_underflow_direct_write_1_output/linear_ooba_heap_heap_non_object_underflow_direct_write_1 ...
[cmd] /home/origin/MSET/linear_ooba_heap_heap_non_object_underflow_direct_write_1_output/linear_ooba_heap_heap_non_object_underflow_direct_write_1
[stderr]
=================================================================
==1114055==ERROR: AddressSanitizer: heap-buffer-overflow on address 0x75f15fce0008 at pc 0x644f54556209 bp 0x7ffdfb4555c0 sp 0x7ffdfb4555b8
WRITE of size 1 at 0x75f15fce0008 thread T0
    #0 0x644f54556208 in f (/home/origin/MSET/linear_ooba_heap_heap_non_object_underflow_direct_write_1_output/linear_ooba_heap_heap_non_object_underflow_direct_write_1+0x1208) (BuildId: 05a0ed2b0690cdd234ae78c0213a35d340af527a)
    #1 0x644f54556275 in main (/home/origin/MSET/linear_ooba_heap_heap_non_object_underflow_direct_write_1_output/linear_ooba_heap_heap_non_object_underflow_direct_write_1+0x1275) (BuildId: 05a0ed2b0690cdd234ae78c0213a35d340af527a)
    #2 0x79d160e29d8f in __libc_start_call_main csu/../sysdeps/nptl/libc_start_call_main.h:58:16
    #3 0x79d160e29e3f in __libc_start_main csu/../csu/libc-start.c:392:3
    #4 0x644f545560c4 in _start (/home/origin/MSET/linear_ooba_heap_heap_non_object_underflow_direct_write_1_output/linear_ooba_heap_heap_non_object_underflow_direct_write_1+0x10c4) (BuildId: 05a0ed2b0690cdd234ae78c0213a35d340af527a)

0x75f15fce0008 is located 8 bytes before 8-byte region [0x75f15fce0010,0x75f15fce0018)
allocated by thread T0 here:
    #0 0x79d16134a974 in malloc (/usr/lib/llvm-22/lib/clang/22/lib/linux/libclang_rt.asan-x86_64.so+0x14a974) (BuildId: 597caba01c25436b65af4bc7593fc367b89fecae)
    #1 0x644f545561be in f (/home/origin/MSET/linear_ooba_heap_heap_non_object_underflow_direct_write_1_output/linear_ooba_heap_heap_non_object_underflow_direct_write_1+0x11be) (BuildId: 05a0ed2b0690cdd234ae78c0213a35d340af527a)

SUMMARY: AddressSanitizer: heap-buffer-overflow (/home/origin/MSET/linear_ooba_heap_heap_non_object_underflow_direct_write_1_output/linear_ooba_heap_heap_non_object_underflow_direct_write_1+0x1208) (BuildId: 05a0ed2b0690cdd234ae78c0213a35d340af527a) in f
Shadow bytes around the buggy address:
  0x75f15fcdfd80: 00 00 00 00 00 00 00 00 00 00 00 00 00 00 00 00
  0x75f15fcdfe00: 00 00 00 00 00 00 00 00 00 00 00 00 00 00 00 00
  0x75f15fcdfe80: 00 00 00 00 00 00 00 00 00 00 00 00 00 00 00 00
  0x75f15fcdff00: 00 00 00 00 00 00 00 00 00 00 00 00 00 00 00 00
  0x75f15fcdff80: 00 00 00 00 00 00 00 00 00 00 00 00 00 00 00 00
=>0x75f15fce0000: fa[fa]00 fa fa fa fa fa fa fa fa fa fa fa fa fa
  0x75f15fce0080: fa fa fa fa fa fa fa fa fa fa fa fa fa fa fa fa
  0x75f15fce0100: fa fa fa fa fa fa fa fa fa fa fa fa fa fa fa fa
  0x75f15fce0180: fa fa fa fa fa fa fa fa fa fa fa fa fa fa fa fa
  0x75f15fce0200: fa fa fa fa fa fa fa fa fa fa fa fa fa fa fa fa
  0x75f15fce0280: fa fa fa fa fa fa fa fa fa fa fa fa fa fa fa fa
Shadow byte legend (one shadow byte represents 8 application bytes):
  Addressable:           00
  Partially addressable: 01 02 03 04 05 06 07 
  Heap left redzone:       fa
  Freed heap region:       fd
  Stack left redzone:      f1
  Stack mid redzone:       f2
  Stack right redzone:     f3
  Stack after return:      f5
  Stack use after scope:   f8
  Global redzone:          f9
  Global init order:       f6
  Poisoned by user:        f7
  Container overflow:      fc
  Array cookie:            ac
  Intra object redzone:    bb
  ASan internal:           fe
  Left alloca redzone:     ca
  Right alloca redzone:    cb
==1114055==ABORTING

[asan] Exit code: 1
[asan] Cleaning up intermediates in /home/origin/MSET/linear_ooba_heap_heap_non_object_underflow_direct_write_1_output

--- stderr ---

