=== CRISP (rc=1, behavior=COMPILE_FAIL) ===
--- stdout ---
[crisp] Compiling bufferized MLIR -> LLVM dialect ...
[cmd] /home/origin/torch-mlir/build/bin/mlir-opt /home/origin/MSET/linear_ooba_heap_heap_non_object_underflow_direct_write_1_output/linear_ooba_heap_heap_non_object_underflow_direct_write_1_dl.mlir --pass-pipeline=builtin.module(func.func(asan-access-instrument),func.func(asan-lifecycle-instrument),func.func(convert-linalg-to-loops),func.func(lower-affine),canonicalize,func.func(asan-static-check),asan-optimization,asan-check-elimination,canonicalize,asan-hoist-check,canonicalize,func.func(asan-writeback-elimination),convert-asan-to-llvm,convert-scf-to-cf,func.func(arith-expand),func.func(convert-math-to-llvm),convert-math-to-libm,expand-strided-metadata,finalize-memref-to-llvm,convert-bufferization-to-memref,finalize-memref-to-llvm,convert-vector-to-scf,convert-vector-to-llvm,func.func(convert-arith-to-llvm),convert-func-to-llvm,convert-cf-to-llvm,convert-complex-to-llvm,convert-asan-globals-to-llvm,reconcile-unrealized-casts,canonicalize,cse) -o /home/origin/MSET/linear_ooba_heap_heap_non_object_underflow_direct_write_1_output/linear_ooba_heap_heap_non_object_underflow_direct_write_1_llvm.mlir
[stderr]
/home/origin/MSET/linear_ooba_heap_heap_non_object_underflow_direct_write_1_output/linear_ooba_heap_heap_non_object_underflow_direct_write_1_dl.mlir:47:7: error: expected offsets to be non-negative, but got -15
      memref.store %c0xFF, %origin[%__idx] : memref<8xi8>
      ^
/home/origin/MSET/linear_ooba_heap_heap_non_object_underflow_direct_write_1_output/linear_ooba_heap_heap_non_object_underflow_direct_write_1_dl.mlir:47:7: note: see current operation: %10:2 = "asan.check_access_range"(%8) <{access_type = 1 : i32, element_type = i8, operandSegmentSizes = array<i32: 1, 0, 0, 0, 0>, static_offsets = array<i64: -15>, static_sizes = array<i64: 8>, static_strides = array<i64: 1>}> : (memref<8xi8>) -> (memref<8xi8>, !asan.token<{mode = 1 : i32, offsets = array<i64: -15>, sizes = array<i64: 8>, strides = array<i64: 1>, type = i8}>)

[crisp] Cleaning up intermediates in /home/origin/MSET/linear_ooba_heap_heap_non_object_underflow_direct_write_1_output

--- stderr ---
Traceback (most recent call last):
  File "/home/origin/MSET/crisp_phase2.py", line 344, in <module>
    sys.exit(main())
  File "/home/origin/MSET/crisp_phase2.py", line 313, in main
    elapsed = compile_mlir_to_llvm_dialect(
  File "/home/origin/MSET/crisp_phase2.py", line 195, in compile_mlir_to_llvm_dialect
    run_cmd(cmd)
  File "/home/origin/MSET/crisp_phase2.py", line 85, in run_cmd
    raise RuntimeError(f"Command failed (rc={result.returncode}): {cmd_str}")
RuntimeError: Command failed (rc=1): /home/origin/torch-mlir/build/bin/mlir-opt /home/origin/MSET/linear_ooba_heap_heap_non_object_underflow_direct_write_1_output/linear_ooba_heap_heap_non_object_underflow_direct_write_1_dl.mlir --pass-pipeline=builtin.module(func.func(asan-access-instrument),func.func(asan-lifecycle-instrument),func.func(convert-linalg-to-loops),func.func(lower-affine),canonicalize,func.func(asan-static-check),asan-optimization,asan-check-elimination,canonicalize,asan-hoist-check,canonicalize,func.func(asan-writeback-elimination),convert-asan-to-llvm,convert-scf-to-cf,func.func(arith-expand),func.func(convert-math-to-llvm),convert-math-to-libm,expand-strided-metadata,finalize-memref-to-llvm,convert-bufferization-to-memref,finalize-memref-to-llvm,convert-vector-to-scf,convert-vector-to-llvm,func.func(convert-arith-to-llvm),convert-func-to-llvm,convert-cf-to-llvm,convert-complex-to-llvm,convert-asan-globals-to-llvm,reconcile-unrealized-casts,canonicalize,cse) -o /home/origin/MSET/linear_ooba_heap_heap_non_object_underflow_direct_write_1_output/linear_ooba_heap_heap_non_object_underflow_direct_write_1_llvm.mlir

