=== ASan (rc=1, behavior=OTHER:1) ===
--- stdout ---
[asan] Compiling bufferized MLIR -> LLVM dialect ...
[cmd] /home/origin/torch-mlir/build/bin/mlir-opt /home/origin/MSET/linear_ooba_heap_heap_non_object_underflow_direct_write_2_output/linear_ooba_heap_heap_non_object_underflow_direct_write_2_dl.mlir --pass-pipeline=builtin.module(func.func(asan-access-instrument),func.func(asan-lifecycle-instrument),func.func(convert-linalg-to-loops),func.func(lower-affine),canonicalize,convert-asan-to-llvm,convert-scf-to-cf,func.func(arith-expand),func.func(convert-math-to-llvm),convert-math-to-libm,expand-strided-metadata,finalize-memref-to-llvm,convert-bufferization-to-memref,finalize-memref-to-llvm,convert-vector-to-scf,convert-vector-to-llvm,func.func(convert-arith-to-llvm),convert-func-to-llvm,convert-cf-to-llvm,convert-complex-to-llvm,convert-asan-globals-to-llvm,reconcile-unrealized-casts,canonicalize,cse) -o /home/origin/MSET/linear_ooba_heap_heap_non_object_underflow_direct_write_2_output/linear_ooba_heap_heap_non_object_underflow_direct_write_2_llvm.mlir
[asan] MLIR lowering done in 0.0308 s
[asan] Translating LLVM dialect -> LLVM IR ...
[cmd] /home/origin/torch-mlir/build/bin/mlir-translate /home/origin/MSET/linear_ooba_heap_heap_non_object_underflow_direct_write_2_output/linear_ooba_heap_heap_non_object_underflow_direct_write_2_llvm.mlir --mlir-to-llvmir -o /home/origin/MSET/linear_ooba_heap_heap_non_object_underflow_direct_write_2_output/linear_ooba_heap_heap_non_object_underflow_direct_write_2.ll
[asan] Compiling LLVM IR -> object file ...
[cmd] /home/origin/torch-mlir/build/bin/llc /home/origin/MSET/linear_ooba_heap_heap_non_object_underflow_direct_write_2_output/linear_ooba_heap_heap_non_object_underflow_direct_write_2.ll -o /home/origin/MSET/linear_ooba_heap_heap_non_object_underflow_direct_write_2_output/linear_ooba_heap_heap_non_object_underflow_direct_write_2.o --relocation-model=pic --filetype=obj
[asan] Linking executable: /home/origin/MSET/linear_ooba_heap_heap_non_object_underflow_direct_write_2_output/linear_ooba_heap_heap_non_object_underflow_direct_write_2
[cmd] clang /home/origin/MSET/linear_ooba_heap_heap_non_object_underflow_direct_write_2_output/linear_ooba_heap_heap_non_object_underflow_direct_write_2.o -o /home/origin/MSET/linear_ooba_heap_heap_non_object_underflow_direct_write_2_output/linear_ooba_heap_heap_non_object_underflow_direct_write_2 -L/home/origin/torch-mlir/build/lib -l mlir_c_runner_utils -l mlir_runner_utils -Wl,-rpath,/home/origin/torch-mlir/build/lib -Wl,-rpath,/home/origin/torch-mlir/build/lib -L/usr/lib/llvm-22/lib/clang/22/lib/linux -l:libclang_rt.asan-x86_64.so
[asan] Executing /home/origin/MSET/linear_ooba_heap_heap_non_object_underflow_direct_write_2_output/linear_ooba_heap_heap_non_object_underflow_direct_write_2 ...
[cmd] /home/origin/MSET/linear_ooba_heap_heap_non_object_underflow_direct_write_2_output/linear_ooba_heap_heap_non_object_underflow_direct_write_2
[stderr]
=================================================================
==1114081==ERROR: AddressSanitizer: heap-buffer-overflow on address 0x721ec2ce000f at pc 0x620fc7e80209 bp 0x7ffec5c41b90 sp 0x7ffec5c41b88
WRITE of size 1 at 0x721ec2ce000f thread T0
    #0 0x620fc7e80208 in f (/home/origin/MSET/linear_ooba_heap_heap_non_object_underflow_direct_write_2_output/linear_ooba_heap_heap_non_object_underflow_direct_write_2+0x1208) (BuildId: ff13dd6ef442973ea46342bf24f0a4c9f17405dc)
    #1 0x620fc7e80275 in main (/home/origin/MSET/linear_ooba_heap_heap_non_object_underflow_direct_write_2_output/linear_ooba_heap_heap_non_object_underflow_direct_write_2+0x1275) (BuildId: ff13dd6ef442973ea46342bf24f0a4c9f17405dc)
    #2 0x75fec3e29d8f in __libc_start_call_main csu/../sysdeps/nptl/libc_start_call_main.h:58:16
    #3 0x75fec3e29e3f in __libc_start_main csu/../csu/libc-start.c:392:3
    #4 0x620fc7e800c4 in _start (/home/origin/MSET/linear_ooba_heap_heap_non_object_underflow_direct_write_2_output/linear_ooba_heap_heap_non_object_underflow_direct_write_2+0x10c4) (BuildId: ff13dd6ef442973ea46342bf24f0a4c9f17405dc)

0x721ec2ce000f is located 1 bytes before 8-byte region [0x721ec2ce0010,0x721ec2ce0018)
allocated by thread T0 here:
    #0 0x75fec434a974 in malloc (/usr/lib/llvm-22/lib/clang/22/lib/linux/libclang_rt.asan-x86_64.so+0x14a974) (BuildId: 597caba01c25436b65af4bc7593fc367b89fecae)
    #1 0x620fc7e801be in f (/home/origin/MSET/linear_ooba_heap_heap_non_object_underflow_direct_write_2_output/linear_ooba_heap_heap_non_object_underflow_direct_write_2+0x11be) (BuildId: ff13dd6ef442973ea46342bf24f0a4c9f17405dc)

SUMMARY: AddressSanitizer: heap-buffer-overflow (/home/origin/MSET/linear_ooba_heap_heap_non_object_underflow_direct_write_2_output/linear_ooba_heap_heap_non_object_underflow_direct_write_2+0x1208) (BuildId: ff13dd6ef442973ea46342bf24f0a4c9f17405dc) in f
Shadow bytes around the buggy address:
  0x721ec2cdfd80: 00 00 00 00 00 00 00 00 00 00 00 00 00 00 00 00
  0x721ec2cdfe00: 00 00 00 00 00 00 00 00 00 00 00 00 00 00 00 00
  0x721ec2cdfe80: 00 00 00 00 00 00 00 00 00 00 00 00 00 00 00 00
  0x721ec2cdff00: 00 00 00 00 00 00 00 00 00 00 00 00 00 00 00 00
  0x721ec2cdff80: 00 00 00 00 00 00 00 00 00 00 00 00 00 00 00 00
=>0x721ec2ce0000: fa[fa]00 fa fa fa fa fa fa fa fa fa fa fa fa fa
  0x721ec2ce0080: fa fa fa fa fa fa fa fa fa fa fa fa fa fa fa fa
  0x721ec2ce0100: fa fa fa fa fa fa fa fa fa fa fa fa fa fa fa fa
  0x721ec2ce0180: fa fa fa fa fa fa fa fa fa fa fa fa fa fa fa fa
  0x721ec2ce0200: fa fa fa fa fa fa fa fa fa fa fa fa fa fa fa fa
  0x721ec2ce0280: fa fa fa fa fa fa fa fa fa fa fa fa fa fa fa fa
Shadow byte legend (one shadow byte represents 8 application bytes):
  Addressable:           00
  Partially addressable: 01 02 03 04 05 06 07 
  Heap left redzone:       fa
  Freed heap region:       fd
  Stack left redzone:      f1
  Stack mid redzone:       f2
  Stack right redzone:     f3
  Stack after return:      f5
  Stack use after scope:   f8
  Global redzone:          f9
  Global init order:       f6
  Poisoned by user:        f7
  Container overflow:      fc
  Array cookie:            ac
  Intra object redzone:    bb
  ASan internal:           fe
  Left alloca redzone:     ca
  Right alloca redzone:    cb
==1114081==ABORTING

[asan] Exit code: 1
[asan] Cleaning up intermediates in /home/origin/MSET/linear_ooba_heap_heap_non_object_underflow_direct_write_2_output

--- stderr ---

